******************************************************************************
                  MSP430 Linker PC v4.1.5                      
******************************************************************************
>> Linked Thu Jul 24 15:33:15 2014

OUTPUT FILE NAME:   <IO Expander.out>
ENTRY POINT SYMBOL: "_c_int00"  address: 0000d5a4


MEMORY CONFIGURATION

         name            origin    length      used     unused   attr    fill
----------------------  --------  ---------  --------  --------  ----  --------
  SFR                   00000000   00000010  00000000  00000010  RWIX
  PERIPHERALS_8BIT      00000010   000000f0  00000000  000000f0  RWIX
  PERIPHERALS_16BIT     00000100   00000100  00000000  00000100  RWIX
  RAM                   00000200   00000200  0000015a  000000a6  RWIX
  INFOD                 00001000   00000040  00000000  00000040  RWIX
  INFOC                 00001040   00000040  00000000  00000040  RWIX
  INFOB                 00001080   00000040  00000000  00000040  RWIX
  INFOA                 000010c0   00000040  00000000  00000040  RWIX
  FLASH                 0000c000   00003fe0  00001762  0000287e  RWIX
  INT00                 0000ffe0   00000002  00000000  00000002  RWIX
  INT01                 0000ffe2   00000002  00000000  00000002  RWIX
  INT02                 0000ffe4   00000002  00000002  00000000  RWIX
  INT03                 0000ffe6   00000002  00000002  00000000  RWIX
  INT04                 0000ffe8   00000002  00000000  00000002  RWIX
  INT05                 0000ffea   00000002  00000000  00000002  RWIX
  INT06                 0000ffec   00000002  00000002  00000000  RWIX
  INT07                 0000ffee   00000002  00000002  00000000  RWIX
  INT08                 0000fff0   00000002  00000000  00000002  RWIX
  INT09                 0000fff2   00000002  00000000  00000002  RWIX
  INT10                 0000fff4   00000002  00000002  00000000  RWIX
  INT11                 0000fff6   00000002  00000000  00000002  RWIX
  INT12                 0000fff8   00000002  00000000  00000002  RWIX
  INT13                 0000fffa   00000002  00000000  00000002  RWIX
  INT14                 0000fffc   00000002  00000000  00000002  RWIX
  RESET                 0000fffe   00000002  00000002  00000000  RWIX


SECTION ALLOCATION MAP

 output                                  attributes/
section   page    origin      length       input sections
--------  ----  ----------  ----------   ----------------
.init_array 
*          0    0000c000    00000000     UNINITIALIZED

.bss       0    00000200    000000f9     UNINITIALIZED
                  00000200    00000091     main.obj (.bss)
                  00000291    00000001     --HOLE--
                  00000292    00000067     USCI_I2C.obj (.bss)

.TI.noinit 
*          0    00000200    00000000     UNINITIALIZED

.data      0    000002fa    00000011     
                  000002fa    00000010     main.obj (.data)
                  0000030a    00000001     USCI_I2C.obj (.data)

.TI.persistent 
*          0    000002fa    00000000     UNINITIALIZED

.stack     0    000003b0    00000050     UNINITIALIZED
                  000003b0    00000002     rts430_eabi.lib : boot.obj (.stack)
                  000003b2    0000004e     --HOLE--

.text      0    0000c000    00001740     
                  0000c000    00000b10     main.obj (.text:main)
                  0000cb10    000000e0     main.obj (.text:USCI0RX_ISR)
                  0000cbf0    00000092     USCI_I2C.obj (.text:I2C_Read)
                  0000cc82    00000060     USCI_I2C.obj (.text:I2C_Write)
                  0000cce2    0000005e     TCA6416A.obj (.text:TCA6416AInitI2CReg)
                  0000cd40    0000005e     TCA9535.obj (.text:TCA9535InitI2CReg)
                  0000cd9e    0000005e     TCA9539.obj (.text:TCA9539InitI2CReg)
                  0000cdfc    0000005e     rts430_eabi.lib : copy_decompress_rle.obj (.text:__TI_decompress_rle_core)
                  0000ce5a    0000005e                     : autoinit.obj (.text:_auto_init)
                  0000ceb8    00000056     USCI_I2C.obj (.text:I2C_Read_Byte)
                  0000cf0e    00000056     TCA6424A.obj (.text:TCA6424AInitI2CReg)
                  0000cf64    0000004c     rts430_eabi.lib : lsr16.obj (.text)
                  0000cfb0    0000004a     TCA6408A.obj (.text:TCA6408AInitI2CReg)
                  0000cffa    00000046     TCA9538.obj (.text:TCA9538InitI2CReg)
                  0000d040    00000046     TCA9554A.obj (.text:TCA9554AInitI2CReg)
                  0000d086    00000046     TCA9554.obj (.text:TCA9554InitI2CReg)
                  0000d0cc    0000003c     main.obj (.text:UART_I2C_INIT)
                  0000d108    00000038     USCI_I2C.obj (.text:I2C_Write_Byte)
                  0000d140    00000036     TCA6408A.obj (.text:TCA6408AWriteConfig)
                  0000d176    00000034     main.obj (.text:CLOCK_INIT)
                  0000d1aa    00000034     main.obj (.text:PORT_INIT)
                  0000d1de    00000032     TCA6408A.obj (.text:TCA6408AWriteOutput)
                  0000d210    00000032     TCA6408A.obj (.text:TCA6408AWritePolarity)
                  0000d242    00000032     USCI_I2C.obj (.text:USCIAB0TX_ISR)
                  0000d274    00000030     main.obj (.text:USCI0TX_ISR_HOOK)
                  0000d2a4    0000002a     main.obj (.text:PORT2_ISR_HOOK)
                  0000d2ce    00000028     TCA6408A.obj (.text:TCA6408AReadInputReg)
                  0000d2f6    00000022     TCA9538.obj (.text:TCA9538WriteConfig)
                  0000d318    00000022     TCA9554A.obj (.text:TCA9554AWriteConfig)
                  0000d33a    00000022     TCA9554.obj (.text:TCA9554WriteConfig)
                  0000d35c    00000020     TCA6424A.obj (.text:TCA6424AWriteConfig)
                  0000d37c    00000020     TCA9538.obj (.text:TCA9538WriteOutput)
                  0000d39c    00000020     TCA9538.obj (.text:TCA9538WritePolarity)
                  0000d3bc    00000020     TCA9554A.obj (.text:TCA9554AWriteOutput)
                  0000d3dc    00000020     TCA9554A.obj (.text:TCA9554AWritePolarity)
                  0000d3fc    00000020     TCA9554.obj (.text:TCA9554WriteOutput)
                  0000d41c    00000020     TCA9554.obj (.text:TCA9554WritePolarity)
                  0000d43c    0000001e     TCA6416A.obj (.text:TCA6416AWriteConfig)
                  0000d45a    0000001e     TCA6424A.obj (.text:TCA6424AWriteOutput)
                  0000d478    0000001e     TCA6424A.obj (.text:TCA6424AWritePolarity)
                  0000d496    0000001e     TCA9535.obj (.text:TCA9535WriteConfig)
                  0000d4b4    0000001e     TCA9539.obj (.text:TCA9539WriteConfig)
                  0000d4d2    0000001c     TCA6424A.obj (.text:TCA6424AInitDefault)
                  0000d4ee    0000001a     main.obj (.text:PORT1_ISR_HOOK)
                  0000d508    0000001a     TCA6416A.obj (.text:TCA6416AWriteOutput)
                  0000d522    0000001a     TCA6416A.obj (.text:TCA6416AWritePolarity)
                  0000d53c    0000001a     TCA9535.obj (.text:TCA9535WriteOutput)
                  0000d556    0000001a     TCA9535.obj (.text:TCA9535WritePolarity)
                  0000d570    0000001a     TCA9539.obj (.text:TCA9539WriteOutput)
                  0000d58a    0000001a     TCA9539.obj (.text:TCA9539WritePolarity)
                  0000d5a4    0000001a     rts430_eabi.lib : boot.obj (.text:_c_int00_noexit)
                  0000d5be    00000016     TCA9538.obj (.text:TCA9538ReadInputReg)
                  0000d5d4    00000016     TCA9554A.obj (.text:TCA9554AReadInputReg)
                  0000d5ea    00000016     TCA9554.obj (.text:TCA9554ReadInputReg)
                  0000d600    00000014     USCI_I2C.obj (.text:I2CReadInit)
                  0000d614    00000014     USCI_I2C.obj (.text:I2CWriteInit)
                  0000d628    00000014     TCA6424A.obj (.text:TCA6424AReadInputReg)
                  0000d63c    00000014     rts430_eabi.lib : copy_zero_init.obj (.text:decompress:ZI:__TI_zero_init)
                  0000d650    00000012                     : copy_decompress_none.obj (.text:decompress:none:__TI_decompress_none)
                  0000d662    00000012                     : memcpy.obj (.text:memcpy)
                  0000d674    00000010     TCA6416A.obj (.text:TCA6416AReadInputReg)
                  0000d684    00000010     TCA9535.obj (.text:TCA9535ReadInputReg)
                  0000d694    00000010     TCA9539.obj (.text:TCA9539ReadInputReg)
                  0000d6a4    00000010     rts430_eabi.lib : epilog.obj (.text)
                  0000d6b4    0000000e     TCA6408A.obj (.text:TCA6408AInitDefault)
                  0000d6c2    0000000e     TCA6416A.obj (.text:TCA6416AInitDefault)
                  0000d6d0    0000000e     TCA9535.obj (.text:TCA9535InitDefault)
                  0000d6de    0000000e     TCA9538.obj (.text:TCA9538InitDefault)
                  0000d6ec    0000000e     TCA9539.obj (.text:TCA9539InitDefault)
                  0000d6fa    0000000e     TCA9554A.obj (.text:TCA9554AInitDefault)
                  0000d708    0000000e     TCA9554.obj (.text:TCA9554InitDefault)
                  0000d716    0000000c     main.obj (.text:write_UART_byte)
                  0000d722    00000008     USCI_I2C.obj (.text:USCIAB0RX_ISR)
                  0000d72a    00000008     main.obj (.text:WDT_ISR_HOOK)
                  0000d732    00000006     rts430_eabi.lib : copy_decompress_rle.obj (.text:decompress:rle24:__TI_decompress_rle24)
                  0000d738    00000004                     : pre_init.obj (.text:_system_pre_init)
                  0000d73c    00000004                     : exit.obj (.text:abort)

.cinit     0    0000d740    00000022     
                  0000d740    00000010     (.cinit..data.load) [load image, compression = rle]
                  0000d750    00000006     (__TI_handler_table)
                  0000d756    00000004     (.cinit..bss.load) [load image, compression = zero_init]
                  0000d75a    00000008     (__TI_cinit_table)

PORT1      0    0000ffe4    00000002     
                  0000ffe4    00000002     main.obj (.int02)

PORT2      0    0000ffe6    00000002     
                  0000ffe6    00000002     main.obj (.int03)

USCIAB0TX 
*          0    0000ffec    00000002     
                  0000ffec    00000002     main.obj (.int06)

USCIAB0RX 
*          0    0000ffee    00000002     
                  0000ffee    00000002     main.obj (.int07)

WDT        0    0000fff4    00000002     
                  0000fff4    00000002     main.obj (.int10)

.reset     0    0000fffe    00000002     
                  0000fffe    00000002     rts430_eabi.lib : boot.obj (.reset)


LINKER GENERATED COPY TABLES

__TI_cinit_table @ 0000d75a records: 2, size/record: 4, table size: 8
	.data: load addr=0000d740, load size=00000010 bytes, run addr=000002fa, run size=00000011 bytes, compression=rle
	.bss: load addr=0000d756, load size=00000004 bytes, run addr=00000200, run size=000000f9 bytes, compression=zero_init


LINKER GENERATED HANDLER TABLE

__TI_handler_table @ 0000d750 records: 3, size/record: 2, table size: 6
	index: 0, handler: __TI_zero_init
	index: 1, handler: __TI_decompress_rle24
	index: 2, handler: __TI_decompress_none


GLOBAL SYMBOLS: SORTED ALPHABETICALLY BY Name 

address    name
--------   ----
0000004a   ADC10AE0
000001b0   ADC10CTL0
000001b2   ADC10CTL1
00000048   ADC10DTC0
00000049   ADC10DTC1
000001b4   ADC10MEM
000001bc   ADC10SA
00000057   BCSCTL1
00000058   BCSCTL2
00000053   BCSCTL3
0000d73c   C$$EXIT
00000059   CACTL1
0000005a   CACTL2
000010fb   CALBC1_12MHZ
000010f9   CALBC1_16MHZ
000010ff   CALBC1_1MHZ
000010fd   CALBC1_8MHZ
000010fa   CALDCO_12MHZ
000010f8   CALDCO_16MHZ
000010fe   CALDCO_1MHZ
000010fc   CALDCO_8MHZ
0000005b   CAPD
0000d176   CLOCK_INIT
00000305   CONFIG_DEVICE
00000056   DCOCTL
00000306   DeviceID
00000128   FCTL1
0000012a   FCTL2
0000012c   FCTL3
000002fd   FLAG
000002f8   I2CBuffer
00000294   I2CBufferArray
0000d600   I2CReadInit
0000d614   I2CWriteInit
0000cbf0   I2C_Read
0000ceb8   I2C_Read_Byte
0000cc82   I2C_Write
0000d108   I2C_Write_Byte
00000000   IE1
00000001   IE2
00000002   IFG1
00000003   IFG2
0000030a   NACK
00000022   P1DIR
00000025   P1IE
00000024   P1IES
00000023   P1IFG
00000020   P1IN
00000021   P1OUT
00000027   P1REN
00000026   P1SEL
00000041   P1SEL2
0000002a   P2DIR
0000002d   P2IE
0000002c   P2IES
0000002b   P2IFG
00000028   P2IN
00000029   P2OUT
0000002f   P2REN
0000002e   P2SEL
00000042   P2SEL2
0000001a   P3DIR
00000018   P3IN
00000019   P3OUT
00000010   P3REN
0000001b   P3SEL
00000043   P3SEL2
0000d4ee   PORT1_ISR_HOOK
0000d2a4   PORT2_ISR_HOOK
0000d1aa   PORT_INIT
00000303   Port
00000292   PtrTransmit
00000304   READ_ALL
00000302   Reg
00000172   TA0CCR0
00000174   TA0CCR1
00000176   TA0CCR2
00000162   TA0CCTL0
00000164   TA0CCTL1
00000166   TA0CCTL2
00000160   TA0CTL
0000012e   TA0IV
00000170   TA0R
00000192   TA1CCR0
00000194   TA1CCR1
00000196   TA1CCR2
00000182   TA1CCTL0
00000184   TA1CCTL1
00000186   TA1CCTL2
00000180   TA1CTL
0000011e   TA1IV
00000190   TA1R
0000d6b4   TCA6408AInitDefault
0000cfb0   TCA6408AInitI2CReg
0000d2ce   TCA6408AReadInputReg
0000d140   TCA6408AWriteConfig
0000d1de   TCA6408AWriteOutput
0000d210   TCA6408AWritePolarity
00000257   TCA6408A_Reg_map
0000d6c2   TCA6416AInitDefault
0000cce2   TCA6416AInitI2CReg
0000d674   TCA6416AReadInputReg
0000d43c   TCA6416AWriteConfig
0000d508   TCA6416AWriteOutput
0000d522   TCA6416AWritePolarity
0000025c   TCA6416A_Reg_map
0000d4d2   TCA6424AInitDefault
0000cf0e   TCA6424AInitI2CReg
0000d628   TCA6424AReadInputReg
0000d35c   TCA6424AWriteConfig
0000d45a   TCA6424AWriteOutput
0000d478   TCA6424AWritePolarity
00000264   TCA6424A_Reg_map
0000d6d0   TCA9535InitDefault
0000cd40   TCA9535InitI2CReg
0000d684   TCA9535ReadInputReg
0000d496   TCA9535WriteConfig
0000d53c   TCA9535WriteOutput
0000d556   TCA9535WritePolarity
00000274   TCA9535_Reg_map
0000d6de   TCA9538InitDefault
0000cffa   TCA9538InitI2CReg
0000d5be   TCA9538ReadInputReg
0000d2f6   TCA9538WriteConfig
0000d37c   TCA9538WriteOutput
0000d39c   TCA9538WritePolarity
0000028c   TCA9538_Reg_map
0000d6ec   TCA9539InitDefault
0000cd9e   TCA9539InitI2CReg
0000d694   TCA9539ReadInputReg
0000d4b4   TCA9539WriteConfig
0000d570   TCA9539WriteOutput
0000d58a   TCA9539WritePolarity
0000027c   TCA9539_Reg_map
0000d6fa   TCA9554AInitDefault
0000d040   TCA9554AInitI2CReg
0000d5d4   TCA9554AReadInputReg
0000d318   TCA9554AWriteConfig
0000d3bc   TCA9554AWriteOutput
0000d3dc   TCA9554AWritePolarity
00000284   TCA9554A_Reg_map
0000d708   TCA9554InitDefault
0000d086   TCA9554InitI2CReg
0000d5ea   TCA9554ReadInputReg
0000d33a   TCA9554WriteConfig
0000d3fc   TCA9554WriteOutput
0000d41c   TCA9554WritePolarity
00000288   TCA9554_Reg_map
000002fc   UART_FLAG
0000d0cc   UART_I2C_INIT
000002fb   UART_byte_count
0000005d   UCA0ABCTL
00000062   UCA0BR0
00000063   UCA0BR1
00000060   UCA0CTL0
00000061   UCA0CTL1
0000005f   UCA0IRRCTL
0000005e   UCA0IRTCTL
00000064   UCA0MCTL
00000066   UCA0RXBUF
00000065   UCA0STAT
00000067   UCA0TXBUF
0000006a   UCB0BR0
0000006b   UCB0BR1
00000068   UCB0CTL0
00000069   UCB0CTL1
0000006c   UCB0I2CIE
00000118   UCB0I2COA
0000011a   UCB0I2CSA
0000006e   UCB0RXBUF
0000006d   UCB0STAT
0000006f   UCB0TXBUF
0000cb10   USCI0RX_ISR
0000d274   USCI0TX_ISR_HOOK
0000d722   USCIAB0RX_ISR
0000d242   USCIAB0TX_ISR
00000290   Uart_Flag
00000308   Uart_flag_ptr
00000120   WDTCTL
0000d72a   WDT_ISR_HOOK
00000400   __STACK_END
00000050   __STACK_SIZE
0000d75a   __TI_CINIT_Base
0000d762   __TI_CINIT_Limit
0000d750   __TI_Handler_Table_Base
0000d756   __TI_Handler_Table_Limit
UNDEFED    __TI_INITARRAY_Base
UNDEFED    __TI_INITARRAY_Limit
00000001   __TI_args_main
0000d650   __TI_decompress_none
0000d732   __TI_decompress_rle24
00000001   __TI_exit
0000d63c   __TI_zero_init
ffffffff   __binit__
ffffffff   __c_args__
0000d6b0   __mspabi_func_epilog_1
0000d6ae   __mspabi_func_epilog_2
0000d6ac   __mspabi_func_epilog_3
0000d6aa   __mspabi_func_epilog_4
0000d6a8   __mspabi_func_epilog_5
0000d6a6   __mspabi_func_epilog_6
0000d6a4   __mspabi_func_epilog_7
0000cf64   __mspabi_srli
0000cfaa   __mspabi_srli_1
0000cf86   __mspabi_srli_10
0000cf82   __mspabi_srli_11
0000cf7e   __mspabi_srli_12
0000cf7a   __mspabi_srli_13
0000cf76   __mspabi_srli_14
0000cf72   __mspabi_srli_15
0000cfa6   __mspabi_srli_2
0000cfa2   __mspabi_srli_3
0000cf9e   __mspabi_srli_4
0000cf9a   __mspabi_srli_5
0000cf96   __mspabi_srli_6
0000cf92   __mspabi_srli_7
0000cf8e   __mspabi_srli_8
0000cf8a   __mspabi_srli_9
0000ce5a   _auto_init
0000d5a4   _c_int00
0000d5a4   _c_int00_noexit
0000fffe   _reset_vector
000003b0   _stack
0000d738   _system_pre_init
0000d73c   abort
00000228   array
ffffffff   binit
00000301   demo_Count
00000300   demo_MODE
00000256   errChck
000002fa   input_Buffer_Counter
00000200   input_buffer
00000307   installed_Device
0000c000   main
0000d662   memcpy
000002fe   wake_Flag
0000d716   write_UART_byte


GLOBAL SYMBOLS: SORTED BY Symbol Address 

address    name
--------   ----
00000000   IE1
00000001   IE2
00000001   __TI_args_main
00000001   __TI_exit
00000002   IFG1
00000003   IFG2
00000010   P3REN
00000018   P3IN
00000019   P3OUT
0000001a   P3DIR
0000001b   P3SEL
00000020   P1IN
00000021   P1OUT
00000022   P1DIR
00000023   P1IFG
00000024   P1IES
00000025   P1IE
00000026   P1SEL
00000027   P1REN
00000028   P2IN
00000029   P2OUT
0000002a   P2DIR
0000002b   P2IFG
0000002c   P2IES
0000002d   P2IE
0000002e   P2SEL
0000002f   P2REN
00000041   P1SEL2
00000042   P2SEL2
00000043   P3SEL2
00000048   ADC10DTC0
00000049   ADC10DTC1
0000004a   ADC10AE0
00000050   __STACK_SIZE
00000053   BCSCTL3
00000056   DCOCTL
00000057   BCSCTL1
00000058   BCSCTL2
00000059   CACTL1
0000005a   CACTL2
0000005b   CAPD
0000005d   UCA0ABCTL
0000005e   UCA0IRTCTL
0000005f   UCA0IRRCTL
00000060   UCA0CTL0
00000061   UCA0CTL1
00000062   UCA0BR0
00000063   UCA0BR1
00000064   UCA0MCTL
00000065   UCA0STAT
00000066   UCA0RXBUF
00000067   UCA0TXBUF
00000068   UCB0CTL0
00000069   UCB0CTL1
0000006a   UCB0BR0
0000006b   UCB0BR1
0000006c   UCB0I2CIE
0000006d   UCB0STAT
0000006e   UCB0RXBUF
0000006f   UCB0TXBUF
00000118   UCB0I2COA
0000011a   UCB0I2CSA
0000011e   TA1IV
00000120   WDTCTL
00000128   FCTL1
0000012a   FCTL2
0000012c   FCTL3
0000012e   TA0IV
00000160   TA0CTL
00000162   TA0CCTL0
00000164   TA0CCTL1
00000166   TA0CCTL2
00000170   TA0R
00000172   TA0CCR0
00000174   TA0CCR1
00000176   TA0CCR2
00000180   TA1CTL
00000182   TA1CCTL0
00000184   TA1CCTL1
00000186   TA1CCTL2
00000190   TA1R
00000192   TA1CCR0
00000194   TA1CCR1
00000196   TA1CCR2
000001b0   ADC10CTL0
000001b2   ADC10CTL1
000001b4   ADC10MEM
000001bc   ADC10SA
00000200   input_buffer
00000228   array
00000256   errChck
00000257   TCA6408A_Reg_map
0000025c   TCA6416A_Reg_map
00000264   TCA6424A_Reg_map
00000274   TCA9535_Reg_map
0000027c   TCA9539_Reg_map
00000284   TCA9554A_Reg_map
00000288   TCA9554_Reg_map
0000028c   TCA9538_Reg_map
00000290   Uart_Flag
00000292   PtrTransmit
00000294   I2CBufferArray
000002f8   I2CBuffer
000002fa   input_Buffer_Counter
000002fb   UART_byte_count
000002fc   UART_FLAG
000002fd   FLAG
000002fe   wake_Flag
00000300   demo_MODE
00000301   demo_Count
00000302   Reg
00000303   Port
00000304   READ_ALL
00000305   CONFIG_DEVICE
00000306   DeviceID
00000307   installed_Device
00000308   Uart_flag_ptr
0000030a   NACK
000003b0   _stack
00000400   __STACK_END
000010f8   CALDCO_16MHZ
000010f9   CALBC1_16MHZ
000010fa   CALDCO_12MHZ
000010fb   CALBC1_12MHZ
000010fc   CALDCO_8MHZ
000010fd   CALBC1_8MHZ
000010fe   CALDCO_1MHZ
000010ff   CALBC1_1MHZ
0000c000   main
0000cb10   USCI0RX_ISR
0000cbf0   I2C_Read
0000cc82   I2C_Write
0000cce2   TCA6416AInitI2CReg
0000cd40   TCA9535InitI2CReg
0000cd9e   TCA9539InitI2CReg
0000ce5a   _auto_init
0000ceb8   I2C_Read_Byte
0000cf0e   TCA6424AInitI2CReg
0000cf64   __mspabi_srli
0000cf72   __mspabi_srli_15
0000cf76   __mspabi_srli_14
0000cf7a   __mspabi_srli_13
0000cf7e   __mspabi_srli_12
0000cf82   __mspabi_srli_11
0000cf86   __mspabi_srli_10
0000cf8a   __mspabi_srli_9
0000cf8e   __mspabi_srli_8
0000cf92   __mspabi_srli_7
0000cf96   __mspabi_srli_6
0000cf9a   __mspabi_srli_5
0000cf9e   __mspabi_srli_4
0000cfa2   __mspabi_srli_3
0000cfa6   __mspabi_srli_2
0000cfaa   __mspabi_srli_1
0000cfb0   TCA6408AInitI2CReg
0000cffa   TCA9538InitI2CReg
0000d040   TCA9554AInitI2CReg
0000d086   TCA9554InitI2CReg
0000d0cc   UART_I2C_INIT
0000d108   I2C_Write_Byte
0000d140   TCA6408AWriteConfig
0000d176   CLOCK_INIT
0000d1aa   PORT_INIT
0000d1de   TCA6408AWriteOutput
0000d210   TCA6408AWritePolarity
0000d242   USCIAB0TX_ISR
0000d274   USCI0TX_ISR_HOOK
0000d2a4   PORT2_ISR_HOOK
0000d2ce   TCA6408AReadInputReg
0000d2f6   TCA9538WriteConfig
0000d318   TCA9554AWriteConfig
0000d33a   TCA9554WriteConfig
0000d35c   TCA6424AWriteConfig
0000d37c   TCA9538WriteOutput
0000d39c   TCA9538WritePolarity
0000d3bc   TCA9554AWriteOutput
0000d3dc   TCA9554AWritePolarity
0000d3fc   TCA9554WriteOutput
0000d41c   TCA9554WritePolarity
0000d43c   TCA6416AWriteConfig
0000d45a   TCA6424AWriteOutput
0000d478   TCA6424AWritePolarity
0000d496   TCA9535WriteConfig
0000d4b4   TCA9539WriteConfig
0000d4d2   TCA6424AInitDefault
0000d4ee   PORT1_ISR_HOOK
0000d508   TCA6416AWriteOutput
0000d522   TCA6416AWritePolarity
0000d53c   TCA9535WriteOutput
0000d556   TCA9535WritePolarity
0000d570   TCA9539WriteOutput
0000d58a   TCA9539WritePolarity
0000d5a4   _c_int00
0000d5a4   _c_int00_noexit
0000d5be   TCA9538ReadInputReg
0000d5d4   TCA9554AReadInputReg
0000d5ea   TCA9554ReadInputReg
0000d600   I2CReadInit
0000d614   I2CWriteInit
0000d628   TCA6424AReadInputReg
0000d63c   __TI_zero_init
0000d650   __TI_decompress_none
0000d662   memcpy
0000d674   TCA6416AReadInputReg
0000d684   TCA9535ReadInputReg
0000d694   TCA9539ReadInputReg
0000d6a4   __mspabi_func_epilog_7
0000d6a6   __mspabi_func_epilog_6
0000d6a8   __mspabi_func_epilog_5
0000d6aa   __mspabi_func_epilog_4
0000d6ac   __mspabi_func_epilog_3
0000d6ae   __mspabi_func_epilog_2
0000d6b0   __mspabi_func_epilog_1
0000d6b4   TCA6408AInitDefault
0000d6c2   TCA6416AInitDefault
0000d6d0   TCA9535InitDefault
0000d6de   TCA9538InitDefault
0000d6ec   TCA9539InitDefault
0000d6fa   TCA9554AInitDefault
0000d708   TCA9554InitDefault
0000d716   write_UART_byte
0000d722   USCIAB0RX_ISR
0000d72a   WDT_ISR_HOOK
0000d732   __TI_decompress_rle24
0000d738   _system_pre_init
0000d73c   C$$EXIT
0000d73c   abort
0000d750   __TI_Handler_Table_Base
0000d756   __TI_Handler_Table_Limit
0000d75a   __TI_CINIT_Base
0000d762   __TI_CINIT_Limit
0000fffe   _reset_vector
ffffffff   __binit__
ffffffff   __c_args__
ffffffff   binit
UNDEFED    __TI_INITARRAY_Base
UNDEFED    __TI_INITARRAY_Limit

[237 symbols]
